// Jest Snapshot v1, https://goo.gl/fbAQLP

exports[`renders correctly 1`] = `
<div
  className="container"
>
  <div
    className="calculator s_flex"
  >
    <div
      className="screen"
    >
      <div
        className="cal_formula"
      />
      <div
        className="cal_total"
      />
    </div>
    <div
      className="main"
    >
      <div>
        <button
          className="button"
          onClick={[Function]}
          type="button"
        >
          AC
        </button>
        <button
          className="button"
          onClick={[Function]}
          type="button"
        >
          +/-
        </button>
        <button
          className="button"
          onClick={[Function]}
          type="button"
        >
          %
        </button>
        <button
          className="button"
          onClick={[Function]}
          type="button"
        >
          รท
        </button>
      </div>
      <div>
        <button
          className="button"
          onClick={[Function]}
          type="button"
        >
          7
        </button>
        <button
          className="button"
          onClick={[Function]}
          type="button"
        >
          8
        </button>
        <button
          className="button"
          onClick={[Function]}
          type="button"
        >
          9
        </button>
        <button
          className="button"
          onClick={[Function]}
          type="button"
        >
          X
        </button>
      </div>
      <div>
        <button
          className="button"
          onClick={[Function]}
          type="button"
        >
          4
        </button>
        <button
          className="button"
          onClick={[Function]}
          type="button"
        >
          5
        </button>
        <button
          className="button"
          onClick={[Function]}
          type="button"
        >
          6
        </button>
        <button
          className="button"
          onClick={[Function]}
          type="button"
        >
          -
        </button>
      </div>
      <div>
        <button
          className="button"
          onClick={[Function]}
          type="button"
        >
          1
        </button>
        <button
          className="button"
          onClick={[Function]}
          type="button"
        >
          2
        </button>
        <button
          className="button"
          onClick={[Function]}
          type="button"
        >
          3
        </button>
        <button
          className="button"
          onClick={[Function]}
          type="button"
        >
          +
        </button>
      </div>
      <button
        className="button"
        onClick={[Function]}
        type="button"
      >
        0
      </button>
      <button
        className="equal button"
        onClick={[Function]}
        type="button"
      >
        =
      </button>
      <button
        className="button"
        onClick={[Function]}
        type="button"
      >
        .
      </button>
    </div>
  </div>
</div>
`;
